time="2026-10-04T13:11:54-04:00" level=info msg="starting colima [profile=inspect-comparison]"
time="2026-10-04T13:11:54-04:00" level=info msg="runtime: docker"
time="2026-10-04T13:11:54-04:00" level=info msg="creating and starting ..." context=vm
time="2026-10-04T13:11:55-04:00" level=info msg="Terminal is not available, proceeding without opening an editor"
time="2026-10-04T13:11:55-04:00" level=info msg="Starting the instance `colima-inspect-comparison` with internal VM driver `vz`"
time="2026-10-04T13:11:55-04:00" level=info msg="Attempting to download the image" arch=aarch64 digest= location=/Users/ankitsingh/Library/Caches/colima/caches/b0992ab88f5a3c0c436bbb3065c01466f20dc1dd0eb0a60299d410176f21a1c3
time="2026-10-04T13:11:55-04:00" level=info msg="Decompressing the image (b0992ab88f5a3c0c436bbb3065c01466f20dc1dd0eb0a60299d410176f21a1c3)"
time="2026-10-04T13:11:55-04:00" level=info msg="decompressing  with external \"gzip\""
time="2026-10-04T13:11:58-04:00" level=info msg="Downloaded the image from `/Users/ankitsingh/Library/Caches/colima/caches/b0992ab88f5a3c0c436bbb3065c01466f20dc1dd0eb0a60299d410176f21a1c3`"
time="2026-10-04T13:11:58-04:00" level=info msg="Resize instance colima-inspect-comparison's disk from 3.5GiB to 20GiB"
time="2026-10-04T13:11:59-04:00" level=info msg="[hostagent] hostagent socket created at /Users/ankitsingh/.colima/_lima/colima-inspect-comparison/ha.sock"
time="2026-10-04T13:11:59-04:00" level=info msg="[hostagent] Starting VZ (hint: to watch the boot progress, see `/Users/ankitsingh/.colima/_lima/colima-inspect-comparison/serial*.log`)"
time="2026-10-04T13:11:59-04:00" level=info msg="[hostagent] Mounting disk `colima-inspect-comparison` on `/mnt/lima-colima-inspect-comparison`"
time="2026-10-04T13:11:59-04:00" level=info msg="[hostagent] Converting `/Users/ankitsingh/.colima/_lima/_disks/colima-inspect-comparison/datadisk` (raw) to a raw disk `/Users/ankitsingh/.colima/_lima/_disks/colima-inspect-comparison/datadisk`"
time="2026-10-04T13:11:59-04:00" level=info msg="[hostagent] [VZ] - vm state change: running"
time="2026-10-04T13:12:04-04:00" level=info msg="[hostagent] SSH server does not seem to be running on vsock port, using usernet forwarder"
time="2026-10-04T13:12:04-04:00" level=info msg="SSH Local Port: 54022"
time="2026-10-04T13:12:04-04:00" level=info msg="[hostagent] Waiting for the essential requirement 1 of 3: `ssh`"
time="2026-10-04T13:12:05-04:00" level=info msg="[hostagent] The essential requirement 1 of 3 is satisfied"
time="2026-10-04T13:12:05-04:00" level=info msg="[hostagent] Waiting for the essential requirement 2 of 3: `user session is ready for ssh`"
time="2026-10-04T13:12:08-04:00" level=info msg="[hostagent] The essential requirement 2 of 3 is satisfied"
time="2026-10-04T13:12:08-04:00" level=info msg="[hostagent] Waiting for the essential requirement 3 of 3: `Explicitly start ssh ControlMaster`"
time="2026-10-04T13:12:08-04:00" level=info msg="[hostagent] The essential requirement 3 of 3 is satisfied"
time="2026-10-04T13:12:08-04:00" level=info msg="[hostagent] Waiting for the guest agent to be running"
time="2026-10-04T13:12:08-04:00" level=info msg="[hostagent] Forwarding `/var/run/docker.sock` (guest) to `/Users/ankitsingh/.colima/inspect-comparison/docker.sock` (host)"
time="2026-10-04T13:12:08-04:00" level=info msg="[hostagent] Forwarding `/var/run/containerd/containerd.sock` (guest) to `/Users/ankitsingh/.colima/inspect-comparison/containerd.sock` (host)"
time="2026-10-04T13:12:08-04:00" level=info msg="[hostagent] Guest agent is running"
time="2026-10-04T13:12:08-04:00" level=info msg="[hostagent] Waiting for the final requirement 1 of 1: `boot scripts must have finished`"
time="2026-10-04T13:12:08-04:00" level=info msg="[hostagent] Time sync: guest agent is alive, starting time synchronization"
time="2026-10-04T13:12:08-04:00" level=info msg="[hostagent] Not forwarding TCP 0.0.0.0:22"
time="2026-10-04T13:12:08-04:00" level=info msg="[hostagent] Not forwarding TCP [::]:22"
